Running Gradle task 'assembleDebug'...                          
flutter : The message received 
from the daemon indicates that 
the daemon has disappeared.
At line:1 char:1
+ flutter build apk --debug > 
build_output.txt 2>&1
+ ~~~~~~~~~~~~~~~~~~~~~~~~~~~~~
~~~~~~~~~~~~~~~~~~~~
    + CategoryInfo          :  
   NotSpecified: (The message  
   rec...as disappeared.:Str   
 ing) [], RemoteException
    + FullyQualifiedErrorId :  
   NativeCommandError
 
Build request sent: Build{id=81
a30eb7-5413-4932-bf00-b3581a4fa
d77, currentDir=C:\Users\Raiden
\yang\android}
Attempting to read last 
messages from the daemon log...
Daemon pid: 9296
  log file: C:\Users\Raiden\.gr
adle\daemon\8.13\daemon-9296.ou
t.log
----- Last 20 lines from 
daemon log file - 
daemon-9296.out.log -----
2026-03-12T21:17:58.335+0800 
[DEBUG] [org.gradle.launcher.da
emon.server.SynchronizedDispatc
hConnection] thread 30: 
received class org.gradle.launc
her.daemon.protocol.Build
2026-03-12T21:17:58.335+0800 
[DEBUG] [org.gradle.launcher.da
emon.server.DefaultDaemonConnec
tion] thread 30: Received 
non-IO message from client: Bui
ld{id=81a30eb7-5413-4932-bf00-b
3581a4fad77, currentDir=C:\User
s\Raiden\yang\android}
2026-03-12T21:17:58.336+0800 
[INFO] [org.gradle.launcher.dae
mon.server.DefaultIncomingConne
ctionHandler] Received 
command: Build{id=81a30eb7-5413
-4932-bf00-b3581a4fad77, curren
tDir=C:\Users\Raiden\yang\andro
id}.
2026-03-12T21:17:58.336+0800 
[DEBUG] [org.gradle.launcher.da
emon.server.DefaultIncomingConn
ectionHandler] Starting 
executing command: Build{id=81a
30eb7-5413-4932-bf00-b3581a4fad
77, currentDir=C:\Users\Raiden\
yang\android} with connection: 
socket connection from 
/127.0.0.1:52088 to 
/127.0.0.1:52089.
2026-03-12T21:17:58.345+0800 
[DEBUG] [org.gradle.launcher.da
emon.server.DaemonStateCoordina
tor] Command execution: 
started 
DaemonCommandExecution[command 
= Build{id=81a30eb7-5413-4932-b
f00-b3581a4fad77, currentDir=C:
\Users\Raiden\yang\android}, 
connection = 
DefaultDaemonConnection: 
socket connection from 
/127.0.0.1:52088 to 
/127.0.0.1:52089] after 
0.004533333333333334 minutes 
of idle
2026-03-12T21:17:58.346+0800 
[INFO] [org.gradle.launcher.dae
mon.server.DaemonRegistryUpdate
r] Marking the daemon as busy, 
address: [96f8a0bc-5150-4fe7-94
3d-b8a27fd6c54d port:52088, add
resses:[localhost/127.0.0.1]]
2026-03-12T21:17:58.346+0800 
[DEBUG] [org.gradle.launcher.da
emon.registry.PersistentDaemonR
egistry] Marking busy by 
address: [96f8a0bc-5150-4fe7-94
3d-b8a27fd6c54d port:52088, add
resses:[localhost/127.0.0.1]]
2026-03-12T21:17:58.349+0800 
[DEBUG] [org.gradle.cache.inter
nal.DefaultFileLockManager] 
Waiting to acquire exclusive 
lock on daemon addresses 
registry.
2026-03-12T21:17:58.349+0800 
[DEBUG] [org.gradle.cache.inter
nal.DefaultFileLockManager] 
Lock acquired on daemon 
addresses registry.
2026-03-12T21:17:58.353+0800 
[DEBUG] [org.gradle.cache.inter
nal.DefaultFileLockManager] 
Releasing lock on daemon 
addresses registry.
2026-03-12T21:17:58.353+0800 
[DEBUG] [org.gradle.launcher.da
emon.server.DaemonStateCoordina
tor] resetting idle timer
2026-03-12T21:17:58.354+0800 
[DEBUG] [org.gradle.launcher.da
emon.server.DaemonStateCoordina
tor] daemon is running. 
Sleeping until state changes.
2026-03-12T21:17:58.357+0800 
[INFO] [org.gradle.launcher.dae
mon.server.exec.StartBuildOrRes
pondWithBusy] Daemon is about 
to start building Build{id=81a3
0eb7-5413-4932-bf00-b3581a4fad7
7, currentDir=C:\Users\Raiden\y
ang\android}. Dispatching 
build started information...
2026-03-12T21:17:58.358+0800 
[DEBUG] [org.gradle.launcher.da
emon.server.SynchronizedDispatc
hConnection] thread 32: 
dispatching org.gradle.launcher
.daemon.protocol.BuildStarted@6
371d74a
2026-03-12T21:17:58.361+0800 
[DEBUG] [org.gradle.launcher.da
emon.server.exec.EstablishBuild
Environment] Configuring env 
variables: [PATH, 
USERDOMAIN_ROAMINGPROFILE, 
PROCESSOR_LEVEL, SYSTEMDRIVE, 
FLUTTER, 
POWERSHELL_EXECUTABLE, 
SESSIONNAME, ALLUSERSPROFILE, 
PROCESSOR_ARCHITECTURE, VSCODE_
PYTHON_AUTOACTIVATE_GUARD, 
VSCODE_GIT_IPC_HANDLE, 
DRIVERDATA, PROGRAMFILES, 
VSCODE_INJECTION, 
PSMODULEPATH, COLORTERM, 
PROGRAMDATA, DIRNAME, 
CHOCOLATEYLASTPATHUPDATE, 
USERNAME, 
VSCODE_GIT_ASKPASS_NODE, 
TERM_PROGRAM_VERSION, 
CMD_LINE_ARGS, GIT_ASKPASS, 
CHROME_CRASHPAD_PIPE_NAME, 
EXIT_WITH_ERRORLEVEL, 
ONEDRIVE, APP_HOME, 
MINGIT_PATH, PATHEXT, PAGER, 
ONEDRIVECONSUMER, 
SNAPSHOT_PATH, SHARED_BIN, 
WINDIR, HOMEPATH, 
PROCESSOR_IDENTIFIER, PUBLIC, 
CACHE_DIR, ZES_ENABLE_SYSMAN, 
_SKIP, LOCALAPPDATA, 
COMMONPROGRAMFILES(X86), 
USERDOMAIN, DART_SDK_PATH, 
LOGONSERVER, JAVA_HOME, 
FLUTTER_TOOLS_DIR, PROMPT, 
PROGRAMFILES(X86), 
FLUTTER_ROOT, LANG, 
VSCODE_GIT_ASKPASS_MAIN, =C:, 
APPDATA, PROGRAMW6432, 
SYSTEMROOT, JAVA_EXE, 
CHOCOLATEYINSTALL, 
VSCODE_GIT_ASKPASS_EXTRA_ARGS, 
DART, ANTIGRAVITY_CLI_ALIAS, 
OS, TERM_PROGRAM, 
VSCODE_JDWP_ADAPTER_ENDPOINTS, 
COMMONPROGRAMW6432, 
COMPUTERNAME, 
COMMONPROGRAMFILES, COMSPEC, 
PROCESSOR_REVISION, CLASSPATH, 
APP_BASE_NAME, TEMP, 
FLUTTER_ALREADY_LOCKED, 
HOMEDRIVE, USERPROFILE, TMP, 
NUMBER_OF_PROCESSORS, 
ANTIGRAVITY_AGENT, 
VSCODE_JAVA_EXEC]
2026-03-12T21:17:58.374+0800 
[DEBUG] [org.gradle.launcher.da
emon.server.exec.LogToClient] 
About to start relaying all 
logs to the client via the 
connection.
2026-03-12T21:17:58.374+0800 
[INFO] [org.gradle.launcher.dae
mon.server.exec.LogToClient] 
The client will now receive 
all logging from the daemon 
(pid: 9296). The daemon log 
file: C:\Users\Raiden\.gradle\d
aemon\8.13\daemon-9296.out.log
2026-03-12T21:17:58.379+0800 
[INFO] [org.gradle.launcher.dae
mon.server.exec.LogAndCheckHeal
th] Starting build in new 
daemon [memory: 8 GiB]
2026-03-12T21:17:58.385+0800 
[DEBUG] [org.gradle.launcher.da
emon.server.exec.ExecuteBuild] 
The daemon has started 
executing the build.
2026-03-12T21:17:58.386+0800 
[DEBUG] [org.gradle.launcher.da
emon.server.exec.ExecuteBuild] 
Executing build with daemon 
context: DefaultDaemonContext[u
id=e353aba1-1ecd-4780-9625-2c94
0ef2392d,javaHome=C:\Program 
Files\Android\Android Studio\jb
r,javaVersion=21,javaVendor=Jet
Brains s.r.o.,daemonRegistryDir
=C:\Users\Raiden\.gradle\daemon
,pid=9296,idleTimeout=10800000,
priority=NORMAL,applyInstrument
ationAgent=true,nativeServicesM
ode=ENABLED,daemonOpts=-XX:MaxM
etaspaceSize=4G,-XX:ReservedCod
eCacheSize=512m,-XX:+HeapDumpOn
OutOfMemoryError,-Xmx8G,-Dfile.
encoding=UTF-8,-Duser.country=P
H,-Duser.language=en,-Duser.var
iant]----- End of the daemon 
log -----

JVM crash log found: file:///C:
/Users/Raiden/yang/android/hs_e
rr_pid9296.log

FAILURE: Build failed with an 
exception.

* What went wrong:
Gradle build daemon 
disappeared unexpectedly (it 
may have been killed or may 
have crashed)

* Try:
> Run with --stacktrace option 
to get the stack trace.
> Run with --info or --debug 
option to get more log output.
> Run with --scan to get full 
insights.
> Get more help at 
https://help.gradle.org.
Running Gradle task 'assembleDebug'...                            816.6s
